  Determining projects to restore...
  All projects are up-to-date for restore.
  HuaweiLogAnalyzer -> E:\Stas\HEK\HuaweiLogAnalyzer\bin\Release\net8.0-windows\HuaweiLogAnalyzer.dll
  HuaweiLogAnalyzer.Tests -> E:\Stas\HEK\HuaweiLogAnalyzer.Tests\bin\Release\net8.0-windows7.0\HuaweiLogAnalyzer.Tests.dll
Test run for E:\Stas\HEK\HuaweiLogAnalyzer.Tests\bin\Release\net8.0-windows7.0\HuaweiLogAnalyzer.Tests.dll (.NETCoreApp,Version=v8.0)
VSTest version 17.14.1 (x64)

Starting test execution, please wait...
A total of 1 test files matched the specified pattern.
E:\Stas\HEK\HuaweiLogAnalyzer.Tests\bin\Release\net8.0-windows7.0\HuaweiLogAnalyzer.Tests.dll
[xUnit.net 00:00:00.00] xUnit.net VSTest Adapter v2.5.3.1+6b60a9e56a (64-bit .NET 8.0.21)
[xUnit.net 00:00:00.08]   Discovering: HuaweiLogAnalyzer.Tests
[xUnit.net 00:00:00.11]   Discovered:  HuaweiLogAnalyzer.Tests
[xUnit.net 00:00:00.12]   Starting:    HuaweiLogAnalyzer.Tests
dotnet : [xUnit.net 00:00:00.18]     UniversalLogAnalyzer.Tests.ParserDetectionTests.ParserDetection_JuniperWithInterfaces_ParsesInterfaceProperties [FAIL]
At line:1 char:1
+ dotnet test .\HuaweiLogAnalyzer.Tests\HuaweiLogAnalyzer.Tests.csproj  ...
+ ~~~~~~~~~~~~~~~~~~~~~~~~~~~~~~~~~~~~~~~~~~~~~~~~~~~~~~~~~~~~~~~~~~~~~
    + CategoryInfo          : NotSpecified: ([xUnit.net 00:0...operties [FAIL]:String) [], RemoteException
    + FullyQualifiedErrorId : NativeCommandError
 
[xUnit.net 00:00:00.18]       Assert.NotNull() Failure: Value is null
[xUnit.net 00:00:00.18]       Stack Trace:
[xUnit.net 00:00:00.18]         E:\Stas\HEK\HuaweiLogAnalyzer.Tests\ParserDetectionTests.cs(320,0): at UniversalLogAnalyzer.Tests.ParserDetectionTests.ParserDetection_JuniperWithInterfaces_ParsesInterfaceProperties()
[xUnit.net 00:00:00.18]            at System.RuntimeMethodHandle.InvokeMethod(Object target, Void** arguments, Signature sig, Boolean isConstructor)
[xUnit.net 00:00:00.18]            at System.Reflection.MethodBaseInvoker.InvokeWithNoArgs(Object obj, BindingFlags invokeAttr)
[xUnit.net 00:00:00.18]     UniversalLogAnalyzer.Tests.AnalyzerTests.AnalyzeFile_HappyPath_ParsesInterfaceAndIp [FAIL]
[xUnit.net 00:00:00.18]       Assert.Contains() Failure: Filter not matched in collection
[xUnit.net 00:00:00.18]       Collection: []
[xUnit.net 00:00:00.18]       Stack Trace:
[xUnit.net 00:00:00.18]         E:\Stas\HEK\HuaweiLogAnalyzer.Tests\AnalyzerTests.cs(25,0): at UniversalLogAnalyzer.Tests.AnalyzerTests.AnalyzeFile_HappyPath_ParsesInterfaceAndIp()
[xUnit.net 00:00:00.18]            at System.RuntimeMethodHandle.InvokeMethod(Object target, Void** arguments, Signature sig, Boolean isConstructor)
[xUnit.net 00:00:00.18]            at System.Reflection.MethodBaseInvoker.InvokeWithNoArgs(Object obj, BindingFlags invokeAttr)
[xUnit.net 00:00:00.19]     UniversalLogAnalyzer.Tests.AnalyzerTests.AnalyzeFile_IpBindingVpnInstance_RecordsIpAddressLine [FAIL]
[xUnit.net 00:00:00.19]       Assert.NotNull() Failure: Value is null
[xUnit.net 00:00:00.19]       Stack Trace:
[xUnit.net 00:00:00.19]         E:\Stas\HEK\HuaweiLogAnalyzer.Tests\AnalyzerTests.cs(84,0): at UniversalLogAnalyzer.Tests.AnalyzerTests.AnalyzeFile_IpBindingVpnInstance_RecordsIpAddressLine()
[xUnit.net 00:00:00.19]            at System.RuntimeMethodHandle.InvokeMethod(Object target, Void** arguments, Signature sig, Boolean isConstructor)
[xUnit.net 00:00:00.19]            at System.Reflection.MethodBaseInvoker.InvokeWithNoArgs(Object obj, BindingFlags invokeAttr)
[xUnit.net 00:00:00.19]     UniversalLogAnalyzer.Tests.AnalyzerTests.AnalyzeFile_VlanBatch_ExpandsRange [FAIL]
[xUnit.net 00:00:00.19]       Assert.Contains() Failure: Item not found in collection
[xUnit.net 00:00:00.19]       Collection: []
[xUnit.net 00:00:00.19]       Not found:  "100"
[xUnit.net 00:00:00.19]       Stack Trace:
[xUnit.net 00:00:00.19]         E:\Stas\HEK\HuaweiLogAnalyzer.Tests\AnalyzerTests.cs(117,0): at UniversalLogAnalyzer.Tests.AnalyzerTests.AnalyzeFile_VlanBatch_ExpandsRange()
[xUnit.net 00:00:00.19]            at System.RuntimeMethodHandle.InvokeMethod(Object target, Void** arguments, Signature sig, Boolean isConstructor)
[xUnit.net 00:00:00.19]            at System.Reflection.MethodBaseInvoker.InvokeWithNoArgs(Object obj, BindingFlags invokeAttr)
[xUnit.net 00:00:00.20]     UniversalLogAnalyzer.Tests.ParserDetectionTests.ParserDetection_HuaweiWithResourcesAndNtp_ParsesSystemInfo [FAIL]
[xUnit.net 00:00:00.20]       Assert.True() Failure
[xUnit.net 00:00:00.20]       Expected: True
[xUnit.net 00:00:00.20]       Actual:   False
[xUnit.net 00:00:00.21]       Stack Trace:
[xUnit.net 00:00:00.21]         E:\Stas\HEK\HuaweiLogAnalyzer.Tests\ParserDetectionTests.cs(113,0): at UniversalLogAnalyzer.Tests.ParserDetectionTests.ParserDetection_HuaweiWithResourcesAndNtp_ParsesSystemInfo()
[xUnit.net 00:00:00.21]            at System.RuntimeMethodHandle.InvokeMethod(Object target, Void** arguments, Signature sig, Boolean isConstructor)
[xUnit.net 00:00:00.21]            at System.Reflection.MethodBaseInvoker.InvokeWithNoArgs(Object obj, BindingFlags invokeAttr)
  Passed UniversalLogAnalyzer.Tests.ParserDetectionTests.ParserConfidenceScore_CiscoLog_HighScoreForCiscoParser [12 ms]
  Failed UniversalLogAnalyzer.Tests.ParserDetectionTests.ParserDetection_JuniperWithInterfaces_ParsesInterfaceProperties [4 ms]
  Error Message:
   Assert.NotNull() Failure: Value is null
  Stack Trace:
     at UniversalLogAnalyzer.Tests.ParserDetectionTests.ParserDetection_JuniperWithInterfaces_ParsesInterfaceProperties() in E:\Stas\HEK\HuaweiLogAnalyzer.Tests\ParserDetectionTests.cs:line 320
   at System.RuntimeMethodHandle.InvokeMethod(Object target, Void** arguments, Signature sig, Boolean isConstructor)
   at System.Reflection.MethodBaseInvoker.InvokeWithNoArgs(Object obj, BindingFlags invokeAttr)
  Failed UniversalLogAnalyzer.Tests.AnalyzerTests.AnalyzeFile_HappyPath_ParsesInterfaceAndIp [20 ms]
  Error Message:
   Assert.Contains() Failure: Filter not matched in collection
Collection: []
  Stack Trace:
     at UniversalLogAnalyzer.Tests.AnalyzerTests.AnalyzeFile_HappyPath_ParsesInterfaceAndIp() in E:\Stas\HEK\HuaweiLogAnalyzer.Tests\AnalyzerTests.cs:line 25
   at System.RuntimeMethodHandle.InvokeMethod(Object target, Void** arguments, Signature sig, Boolean isConstructor)
   at System.Reflection.MethodBaseInvoker.InvokeWithNoArgs(Object obj, BindingFlags invokeAttr)
  Failed UniversalLogAnalyzer.Tests.AnalyzerTests.AnalyzeFile_IpBindingVpnInstance_RecordsIpAddressLine [3 ms]
  Error Message:
   Assert.NotNull() Failure: Value is null
  Stack Trace:
     at UniversalLogAnalyzer.Tests.AnalyzerTests.AnalyzeFile_IpBindingVpnInstance_RecordsIpAddressLine() in E:\Stas\HEK\HuaweiLogAnalyzer.Tests\AnalyzerTests.cs:line 84
   at System.RuntimeMethodHandle.InvokeMethod(Object target, Void** arguments, Signature sig, Boolean isConstructor)
   at System.Reflection.MethodBaseInvoker.InvokeWithNoArgs(Object obj, BindingFlags invokeAttr)
  Failed UniversalLogAnalyzer.Tests.AnalyzerTests.AnalyzeFile_VlanBatch_ExpandsRange [4 ms]
  Error Message:
   Assert.Contains() Failure: Item not found in collection
Collection: []
Not found:  "100"
  Stack Trace:
     at UniversalLogAnalyzer.Tests.AnalyzerTests.AnalyzeFile_VlanBatch_ExpandsRange() in E:\Stas\HEK\HuaweiLogAnalyzer.Tests\AnalyzerTests.cs:line 117
   at System.RuntimeMethodHandle.InvokeMethod(Object target, Void** arguments, Signature sig, Boolean isConstructor)
   at System.Reflection.MethodBaseInvoker.InvokeWithNoArgs(Object obj, BindingFlags invokeAttr)
  Failed UniversalLogAnalyzer.Tests.ParserDetectionTests.ParserDetection_HuaweiWithResourcesAndNtp_ParsesSystemInfo [21 ms]
  Error Message:
   Assert.True() Failure
Expected: True
Actual:   False
  Stack Trace:
     at UniversalLogAnalyzer.Tests.ParserDetectionTests.ParserDetection_HuaweiWithResourcesAndNtp_ParsesSystemInfo() in E:\Stas\HEK\HuaweiLogAnalyzer.Tests\ParserDetectionTests.cs:line 113
   at System.RuntimeMethodHandle.InvokeMethod(Object target, Void** arguments, Signature sig, Boolean isConstructor)
   at System.Reflection.MethodBaseInvoker.InvokeWithNoArgs(Object obj, BindingFlags invokeAttr)
[xUnit.net 00:00:00.24]     UniversalLogAnalyzer.Tests.AnalyzerTests.AnalyzeFile_MultilineDescription_AppendsContinuation [FAIL]
[xUnit.net 00:00:00.24]       Assert.NotNull() Failure: Value is null
[xUnit.net 00:00:00.24]       Stack Trace:
[xUnit.net 00:00:00.24]         E:\Stas\HEK\HuaweiLogAnalyzer.Tests\AnalyzerTests.cs(65,0): at UniversalLogAnalyzer.Tests.AnalyzerTests.AnalyzeFile_MultilineDescription_AppendsContinuation()
[xUnit.net 00:00:00.24]            at System.RuntimeMethodHandle.InvokeMethod(Object target, Void** arguments, Signature sig, Boolean isConstructor)
[xUnit.net 00:00:00.24]            at System.Reflection.MethodBaseInvoker.InvokeWithNoArgs(Object obj, BindingFlags invokeAttr)
[xUnit.net 00:00:00.24]     UniversalLogAnalyzer.Tests.AnalyzerTests.AnalyzeFile_BgpBlock_ExtractsPeerWithAs [FAIL]
[xUnit.net 00:00:00.24]       Assert.Contains() Failure: Filter not matched in collection
[xUnit.net 00:00:00.24]       Collection: []
[xUnit.net 00:00:00.24]       Stack Trace:
[xUnit.net 00:00:00.24]         E:\Stas\HEK\HuaweiLogAnalyzer.Tests\AnalyzerTests.cs(102,0): at UniversalLogAnalyzer.Tests.AnalyzerTests.AnalyzeFile_BgpBlock_ExtractsPeerWithAs()
[xUnit.net 00:00:00.24]            at System.RuntimeMethodHandle.InvokeMethod(Object target, Void** arguments, Signature sig, Boolean isConstructor)
[xUnit.net 00:00:00.24]            at System.Reflection.MethodBaseInvoker.InvokeWithNoArgs(Object obj, BindingFlags invokeAttr)
[xUnit.net 00:00:00.24]     UniversalLogAnalyzer.Tests.AnalyzerTests.AnalyzeFile_EdgeCase_NoInterfaces_ReturnsParseError [FAIL]
[xUnit.net 00:00:00.24]       Assert.Contains() Failure: Item not found in collection
[xUnit.net 00:00:00.24]       Collection: []
[xUnit.net 00:00:00.24]       Not found:  "No interfaces/ports/slots detected"
[xUnit.net 00:00:00.24]       Stack Trace:
[xUnit.net 00:00:00.24]         E:\Stas\HEK\HuaweiLogAnalyzer.Tests\AnalyzerTests.cs(46,0): at UniversalLogAnalyzer.Tests.AnalyzerTests.AnalyzeFile_EdgeCase_NoInterfaces_ReturnsParseError()
[xUnit.net 00:00:00.24]            at System.RuntimeMethodHandle.InvokeMethod(Object target, Void** arguments, Signature sig, Boolean isConstructor)
[xUnit.net 00:00:00.24]            at System.Reflection.MethodBaseInvoker.InvokeWithNoArgs(Object obj, BindingFlags invokeAttr)
[xUnit.net 00:00:00.24]     UniversalLogAnalyzer.Tests.ParserDetectionTests.ParserDetection_JuniperWithBgp_ExtractsBgpAsn [FAIL]
[xUnit.net 00:00:00.24]       Assert.Equal() Failure: Strings differ
[xUnit.net 00:00:00.24]                  тЖУ (pos 0)
[xUnit.net 00:00:00.24]       Expected: "65200"
[xUnit.net 00:00:00.24]       Actual:   ""
[xUnit.net 00:00:00.24]       Stack Trace:
[xUnit.net 00:00:00.24]         E:\Stas\HEK\HuaweiLogAnalyzer.Tests\ParserDetectionTests.cs(287,0): at UniversalLogAnalyzer.Tests.ParserDetectionTests.ParserDetection_JuniperWithBgp_ExtractsBgpAsn()
[xUnit.net 00:00:00.24]            at System.RuntimeMethodHandle.InvokeMethod(Object target, Void** arguments, Signature sig, Boolean isConstructor)
[xUnit.net 00:00:00.24]            at System.Reflection.MethodBaseInvoker.InvokeWithNoArgs(Object obj, BindingFlags invokeAttr)
[xUnit.net 00:00:00.24]     UniversalLogAnalyzer.Tests.ParserDetectionTests.ParserDetection_MikrotikSample_DetectedAsMikrotik [FAIL]
[xUnit.net 00:00:00.24]       Assert.Contains() Failure: Filter not matched in collection
[xUnit.net 00:00:00.24]       Collection: []
[xUnit.net 00:00:00.24]       Stack Trace:
[xUnit.net 00:00:00.24]         E:\Stas\HEK\HuaweiLogAnalyzer.Tests\ParserDetectionTests.cs(367,0): at UniversalLogAnalyzer.Tests.ParserDetectionTests.ParserDetection_MikrotikSample_DetectedAsMikrotik()
[xUnit.net 00:00:00.24]            at System.RuntimeMethodHandle.InvokeMethod(Object target, Void** arguments, Signature sig, Boolean isConstructor)
[xUnit.net 00:00:00.24]            at System.Reflection.MethodBaseInvoker.InvokeWithNoArgs(Object obj, BindingFlags invokeAttr)
[xUnit.net 00:00:00.24]     UniversalLogAnalyzer.Tests.ParserDetectionTests.ParserDetection_MikrotikWithResources_ParsesCpuAndMemory [FAIL]
[xUnit.net 00:00:00.24]       Assert.True() Failure
[xUnit.net 00:00:00.24]       Expected: True
[xUnit.net 00:00:00.24]       Actual:   False
[xUnit.net 00:00:00.24]       Stack Trace:
[xUnit.net 00:00:00.24]         E:\Stas\HEK\HuaweiLogAnalyzer.Tests\ParserDetectionTests.cs(412,0): at UniversalLogAnalyzer.Tests.ParserDetectionTests.ParserDetection_MikrotikWithResources_ParsesCpuAndMemory()
[xUnit.net 00:00:00.24]            at System.RuntimeMethodHandle.InvokeMethod(Object target, Void** arguments, Signature sig, Boolean isConstructor)
[xUnit.net 00:00:00.24]            at System.Reflection.MethodBaseInvoker.InvokeWithNoArgs(Object obj, BindingFlags invokeAttr)
[xUnit.net 00:00:00.24]     UniversalLogAnalyzer.Tests.ParserDetectionTests.ParserDetection_MikrotikWithBgp_ExtractsBgpPeers [FAIL]
[xUnit.net 00:00:00.24]       Assert.NotEmpty() Failure: Collection was empty
[xUnit.net 00:00:00.24]       Stack Trace:
[xUnit.net 00:00:00.24]         E:\Stas\HEK\HuaweiLogAnalyzer.Tests\ParserDetectionTests.cs(388,0): at UniversalLogAnalyzer.Tests.ParserDetectionTests.ParserDetection_MikrotikWithBgp_ExtractsBgpPeers()
[xUnit.net 00:00:00.24]            at System.RuntimeMethodHandle.InvokeMethod(Object target, Void** arguments, Signature sig, Boolean isConstructor)
[xUnit.net 00:00:00.24]            at System.Reflection.MethodBaseInvoker.InvokeWithNoArgs(Object obj, BindingFlags invokeAttr)
  Failed UniversalLogAnalyzer.Tests.AnalyzerTests.AnalyzeFile_MultilineDescription_AppendsContinuation [18 ms]
  Error Message:
   Assert.NotNull() Failure: Value is null
  Stack Trace:
     at UniversalLogAnalyzer.Tests.AnalyzerTests.AnalyzeFile_MultilineDescription_AppendsContinuation() in E:\Stas\HEK\HuaweiLogAnalyzer.Tests\AnalyzerTests.cs:line 65
   at System.RuntimeMethodHandle.InvokeMethod(Object target, Void** arguments, Signature sig, Boolean isConstructor)
   at System.Reflection.MethodBaseInvoker.InvokeWithNoArgs(Object obj, BindingFlags invokeAttr)
  Passed UniversalLogAnalyzer.Tests.ParserDetectionTests.ParserDetection_HuaweiWithBgp_ExtractsBgpAsnAndPeers [6 ms]
  Failed UniversalLogAnalyzer.Tests.AnalyzerTests.AnalyzeFile_BgpBlock_ExtractsPeerWithAs [3 ms]
  Error Message:
   Assert.Contains() Failure: Filter not matched in collection
Collection: []
  Stack Trace:
     at UniversalLogAnalyzer.Tests.AnalyzerTests.AnalyzeFile_BgpBlock_ExtractsPeerWithAs() in E:\Stas\HEK\HuaweiLogAnalyzer.Tests\AnalyzerTests.cs:line 102
   at System.RuntimeMethodHandle.InvokeMethod(Object target, Void** arguments, Signature sig, Boolean isConstructor)
   at System.Reflection.MethodBaseInvoker.InvokeWithNoArgs(Object obj, BindingFlags invokeAttr)
  Failed UniversalLogAnalyzer.Tests.AnalyzerTests.AnalyzeFile_EdgeCase_NoInterfaces_ReturnsParseError [2 ms]
  Error Message:
   Assert.Contains() Failure: Item not found in collection
Collection: []
Not found:  "No interfaces/ports/slots detected"
  Stack Trace:
     at UniversalLogAnalyzer.Tests.AnalyzerTests.AnalyzeFile_EdgeCase_NoInterfaces_ReturnsParseError() in E:\Stas\HEK\HuaweiLogAnalyzer.Tests\AnalyzerTests.cs:line 46
   at System.RuntimeMethodHandle.InvokeMethod(Object target, Void** arguments, Signature sig, Boolean isConstructor)
   at System.Reflection.MethodBaseInvoker.InvokeWithNoArgs(Object obj, BindingFlags invokeAttr)
  Passed UniversalLogAnalyzer.Tests.ParserDetectionTests.ParserDetection_JuniperWithVersionAndSerial_ParsesDeviceInfo [12 ms]
  Failed UniversalLogAnalyzer.Tests.ParserDetectionTests.ParserDetection_JuniperWithBgp_ExtractsBgpAsn [3 ms]
  Error Message:
   Assert.Equal() Failure: Strings differ
           тЖУ (pos 0)
Expected: "65200"
Actual:   ""
  Stack Trace:
     at UniversalLogAnalyzer.Tests.ParserDetectionTests.ParserDetection_JuniperWithBgp_ExtractsBgpAsn() in E:\Stas\HEK\HuaweiLogAnalyzer.Tests\ParserDetectionTests.cs:line 287
   at System.RuntimeMethodHandle.InvokeMethod(Object target, Void** arguments, Signature sig, Boolean isConstructor)
   at System.Reflection.MethodBaseInvoker.InvokeWithNoArgs(Object obj, BindingFlags invokeAttr)
  Failed UniversalLogAnalyzer.Tests.ParserDetectionTests.ParserDetection_MikrotikSample_DetectedAsMikrotik [3 ms]
  Error Message:
   Assert.Contains() Failure: Filter not matched in collection
Collection: []
  Stack Trace:
     at UniversalLogAnalyzer.Tests.ParserDetectionTests.ParserDetection_MikrotikSample_DetectedAsMikrotik() in E:\Stas\HEK\HuaweiLogAnalyzer.Tests\ParserDetectionTests.cs:line 367
   at System.RuntimeMethodHandle.InvokeMethod(Object target, Void** arguments, Signature sig, Boolean isConstructor)
   at System.Reflection.MethodBaseInvoker.InvokeWithNoArgs(Object obj, BindingFlags invokeAttr)
  Failed UniversalLogAnalyzer.Tests.ParserDetectionTests.ParserDetection_MikrotikWithResources_ParsesCpuAndMemory [2 ms]
  Error Message:
   Assert.True() Failure
Expected: True
Actual:   False
  Stack Trace:
     at UniversalLogAnalyzer.Tests.ParserDetectionTests.ParserDetection_MikrotikWithResources_ParsesCpuAndMemory() in E:\Stas\HEK\HuaweiLogAnalyzer.Tests\ParserDetectionTests.cs:line 412
   at System.RuntimeMethodHandle.InvokeMethod(Object target, Void** arguments, Signature sig, Boolean isConstructor)
   at System.Reflection.MethodBaseInvoker.InvokeWithNoArgs(Object obj, BindingFlags invokeAttr)
  Failed UniversalLogAnalyzer.Tests.ParserDetectionTests.ParserDetection_MikrotikWithBgp_ExtractsBgpPeers [2 ms]
  Error Message:
   Assert.NotEmpty() Failure: Collection was empty
  Stack Trace:
     at UniversalLogAnalyzer.Tests.ParserDetectionTests.ParserDetection_MikrotikWithBgp_ExtractsBgpPeers() in E:\Stas\HEK\HuaweiLogAnalyzer.Tests\ParserDetectionTests.cs:line 388
   at System.RuntimeMethodHandle.InvokeMethod(Object target, Void** arguments, Signature sig, Boolean isConstructor)
   at System.Reflection.MethodBaseInvoker.InvokeWithNoArgs(Object obj, BindingFlags invokeAttr)
[xUnit.net 00:00:00.25]     UniversalLogAnalyzer.Tests.ParserDetectionTests.ParserDetection_CiscoWithUsersAndNtp_ParsesManagementInfo [FAIL]
[xUnit.net 00:00:00.25]       Assert.Equal() Failure: Strings differ
[xUnit.net 00:00:00.25]                  тЖУ (pos 0)
[xUnit.net 00:00:00.25]       Expected: "ABC123DEF456"
[xUnit.net 00:00:00.25]       Actual:   ": ABC123DEF456"
[xUnit.net 00:00:00.25]                  тЖС (pos 0)
[xUnit.net 00:00:00.25]       Stack Trace:
[xUnit.net 00:00:00.25]         E:\Stas\HEK\HuaweiLogAnalyzer.Tests\ParserDetectionTests.cs(227,0): at UniversalLogAnalyzer.Tests.ParserDetectionTests.ParserDetection_CiscoWithUsersAndNtp_ParsesManagementInfo()
[xUnit.net 00:00:00.25]            at System.RuntimeMethodHandle.InvokeMethod(Object target, Void** arguments, Signature sig, Boolean isConstructor)
[xUnit.net 00:00:00.25]            at System.Reflection.MethodBaseInvoker.InvokeWithNoArgs(Object obj, BindingFlags invokeAttr)
  Failed UniversalLogAnalyzer.Tests.ParserDetectionTests.ParserDetection_CiscoWithUsersAndNtp_ParsesManagementInfo [12 ms]
  Error Message:
   Assert.Equal() Failure: Strings differ
           тЖУ (pos 0)
Expected: "ABC123DEF456"
Actual:   ": ABC123DEF456"
           тЖС (pos 0)
  Stack Trace:
     at UniversalLogAnalyzer.Tests.ParserDetectionTests.ParserDetection_CiscoWithUsersAndNtp_ParsesManagementInfo() in E:\Stas\HEK\HuaweiLogAnalyzer.Tests\ParserDetectionTests.cs:line 227
   at System.RuntimeMethodHandle.InvokeMethod(Object target, Void** arguments, Signature sig, Boolean isConstructor)
   at System.Reflection.MethodBaseInvoker.InvokeWithNoArgs(Object obj, BindingFlags invokeAttr)
  Passed UniversalLogAnalyzer.Tests.ParserDetectionTests.ParserDetection_HuaweiSample_DetectedAsHuawei [11 ms]
  Passed UniversalLogAnalyzer.Tests.ParserDetectionTests.ParserDetection_CiscoWithInterfaceStatus_ParsesShutdownAndSpeed [4 ms]
  Passed UniversalLogAnalyzer.Tests.ParserDetectionTests.ParserDetection_CiscoSample_DetectedAsCisco [2 ms]
  Passed UniversalLogAnalyzer.Tests.ParserDetectionTests.ParserDetection_MikrotikWithInterfaceDisabled_ParsesStatus [2 ms]
  Passed UniversalLogAnalyzer.Tests.ParserDetectionTests.ParserDetection_HuaweiWithVlanAndInterfaces_ParsesMultipleInterfaces [3 ms]
  Passed UniversalLogAnalyzer.Tests.ParserDetectionTests.ParserDetection_CiscoWithBgpAndAcl_ExtractsBgpAndAcls [10 ms]
  Passed UniversalLogAnalyzer.Tests.ParserDetectionTests.ParserConfidenceScore_JuniperLog_HighScoreForJuniperParser [1 ms]
  Passed UniversalLogAnalyzer.Tests.ParserDetectionTests.ParserConfidenceScore_HuaweiLog_HighScoreForHuaweiParser [1 ms]
[xUnit.net 00:00:00.30]     UniversalLogAnalyzer.Tests.ParserDetectionTests.ParserDetection_JuniperSample_DetectedAsJuniper [FAIL]
[xUnit.net 00:00:00.30]       Assert.Contains() Failure: Filter not matched in collection
[xUnit.net 00:00:00.30]       Collection: []
[xUnit.net 00:00:00.30]       Stack Trace:
[xUnit.net 00:00:00.30]         E:\Stas\HEK\HuaweiLogAnalyzer.Tests\ParserDetectionTests.cs(258,0): at UniversalLogAnalyzer.Tests.ParserDetectionTests.ParserDetection_JuniperSample_DetectedAsJuniper()
[xUnit.net 00:00:00.30]            at System.RuntimeMethodHandle.InvokeMethod(Object target, Void** arguments, Signature sig, Boolean isConstructor)
[xUnit.net 00:00:00.30]            at System.Reflection.MethodBaseInvoker.InvokeWithNoArgs(Object obj, BindingFlags invokeAttr)
[xUnit.net 00:00:00.73]   Finished:    HuaweiLogAnalyzer.Tests
  Failed UniversalLogAnalyzer.Tests.ParserDetectionTests.ParserDetection_JuniperSample_DetectedAsJuniper [12 ms]
  Error Message:
   Assert.Contains() Failure: Filter not matched in collection
Collection: []
  Stack Trace:
     at UniversalLogAnalyzer.Tests.ParserDetectionTests.ParserDetection_JuniperSample_DetectedAsJuniper() in E:\Stas\HEK\HuaweiLogAnalyzer.Tests\ParserDetectionTests.cs:line 258
   at System.RuntimeMethodHandle.InvokeMethod(Object target, Void** arguments, Signature sig, Boolean isConstructor)
   at System.Reflection.MethodBaseInvoker.InvokeWithNoArgs(Object obj, BindingFlags invokeAttr)
  Passed UniversalLogAnalyzer.Tests.ExcelWriterTests.Save_CreatesFile_WithExpectedSheets [523 ms]
  Passed UniversalLogAnalyzer.Tests.ExcelWriterContentTests.Save_WritesWorkbook_WithExpectedSheetsAndHeaders [573 ms]

Test Run Failed.
Total tests: 27
     Passed: 13
     Failed: 14
 Total time: 1,1785 Seconds
